\BOOKMARK [0][-]{chapter*.1}{\376\377\000E\000x\000e\000c\000u\000t\000i\000v\000e\000\040\000S\000u\000m\000m\000a\000r\000y}{}% 1
\BOOKMARK [0][-]{chapter*.3}{\376\377\000L\000i\000s\000t\000\040\000o\000f\000\040\000F\000i\000g\000u\000r\000e\000s}{}% 2
\BOOKMARK [0][-]{chapter*.4}{\376\377\000L\000i\000s\000t\000\040\000o\000f\000\040\000T\000a\000b\000l\000e\000s}{}% 3
\BOOKMARK [0][-]{chapter.1}{\376\377\000I\000n\000t\000r\000o\000d\000u\000c\000t\000i\000o\000n}{}% 4
\BOOKMARK [0][-]{chapter.2}{\376\377\000S\000i\000g\000i\000r\000i\000y\000a\000\040\000R\000o\000c\000k\000\040\000F\000o\000r\000t\000r\000e\000s\000s}{}% 5
\BOOKMARK [1][-]{section.2.1}{\376\377\000H\000i\000s\000t\000o\000r\000i\000c\000a\000l\000\040\000B\000a\000c\000k\000g\000r\000o\000u\000n\000d}{chapter.2}% 6
\BOOKMARK [1][-]{section.2.2}{\376\377\000C\000o\000n\000s\000t\000r\000u\000c\000t\000i\000o\000n\000\040\000M\000a\000t\000e\000r\000i\000a\000l\000s\000\040\000a\000n\000d\000\040\000D\000e\000g\000r\000a\000d\000a\000t\000i\000o\000n}{chapter.2}% 7
\BOOKMARK [1][-]{section.2.3}{\376\377\000E\000n\000g\000i\000n\000e\000e\000r\000i\000n\000g\000\040\000C\000h\000a\000l\000l\000e\000n\000g\000e\000s}{chapter.2}% 8
\BOOKMARK [1][-]{section.2.4}{\376\377\000E\000n\000g\000i\000n\000e\000e\000r\000i\000n\000g\000\040\000S\000i\000g\000n\000i\000f\000i\000c\000a\000n\000c\000e}{chapter.2}% 9
\BOOKMARK [2][-]{subsection.2.4.1}{\376\377\000F\000l\000u\000i\000d\000\040\000D\000y\000n\000a\000m\000i\000c\000s\000\040\000o\000f\000\040\000t\000h\000e\000\040\000P\000r\000e\000s\000s\000u\000r\000i\000z\000e\000d\000\040\000F\000o\000u\000n\000t\000a\000i\000n\000s}{section.2.4}% 10
\BOOKMARK [2][-]{subsection.2.4.2}{\376\377\000A\000e\000r\000o\000d\000y\000n\000a\000m\000i\000c\000\040\000A\000n\000c\000h\000o\000r\000i\000n\000g\000\040\000M\000e\000c\000h\000a\000n\000i\000s\000m\000s}{section.2.4}% 11
\BOOKMARK [0][-]{chapter.3}{\376\377\000J\000e\000t\000a\000v\000a\000n\000a\000r\000a\000m\000a\000y\000a\000\040\000S\000t\000u\000p\000a}{}% 12
\BOOKMARK [1][-]{section.3.1}{\376\377\000H\000i\000s\000t\000o\000r\000i\000c\000a\000l\000\040\000B\000a\000c\000k\000g\000r\000o\000u\000n\000d}{chapter.3}% 13
\BOOKMARK [1][-]{section.3.2}{\376\377\000C\000o\000n\000s\000t\000r\000u\000c\000t\000i\000o\000n\000\040\000M\000a\000t\000e\000r\000i\000a\000l\000s\000\040\000a\000n\000d\000\040\000D\000e\000g\000r\000a\000d\000a\000t\000i\000o\000n}{chapter.3}% 14
\BOOKMARK [1][-]{section.3.3}{\376\377\000E\000n\000g\000i\000n\000e\000e\000r\000i\000n\000g\000\040\000C\000h\000a\000l\000l\000e\000n\000g\000e\000s}{chapter.3}% 15
\BOOKMARK [1][-]{section.3.4}{\376\377\000E\000n\000g\000i\000n\000e\000e\000r\000i\000n\000g\000\040\000S\000i\000g\000n\000i\000f\000i\000c\000a\000n\000c\000e}{chapter.3}% 16
\BOOKMARK [2][-]{subsection.3.4.1}{\376\377\000T\000e\000r\000z\000a\000g\000h\000i\040\031\000s\000\040\000C\000i\000r\000c\000u\000l\000a\000r\000\040\000F\000o\000o\000t\000i\000n\000g\000\040\000A\000n\000a\000l\000y\000s\000i\000s}{section.3.4}% 17
\BOOKMARK [2][-]{subsection.3.4.2}{\376\377\000H\000o\000o\000p\000\040\000S\000t\000r\000e\000s\000s\000\040\000M\000a\000n\000a\000g\000e\000m\000e\000n\000t}{section.3.4}% 18
\BOOKMARK [0][-]{chapter.4}{\376\377\000J\000a\000y\000a\000\040\000G\000a\000n\000g\000a\000\040\000\050\000Y\000o\000d\000a\000\040\000E\000l\000a\000\051}{}% 19
\BOOKMARK [1][-]{section.4.1}{\376\377\000H\000i\000s\000t\000o\000r\000i\000c\000a\000l\000\040\000B\000a\000c\000k\000g\000r\000o\000u\000n\000d}{chapter.4}% 20
\BOOKMARK [1][-]{section.4.2}{\376\377\000C\000o\000n\000s\000t\000r\000u\000c\000t\000i\000o\000n\000\040\000M\000a\000t\000e\000r\000i\000a\000l\000s\000\040\000a\000n\000d\000\040\000D\000e\000g\000r\000a\000d\000a\000t\000i\000o\000n}{chapter.4}% 21
\BOOKMARK [1][-]{section.4.3}{\376\377\000E\000n\000g\000i\000n\000e\000e\000r\000i\000n\000g\000\040\000C\000h\000a\000l\000l\000e\000n\000g\000e\000s}{chapter.4}% 22
\BOOKMARK [1][-]{section.4.4}{\376\377\000E\000n\000g\000i\000n\000e\000e\000r\000i\000n\000g\000\040\000S\000i\000g\000n\000i\000f\000i\000c\000a\000n\000c\000e}{chapter.4}% 23
\BOOKMARK [2][-]{subsection.4.4.1}{\376\377\000T\000h\000e\000\040\000B\000i\000s\000o\000k\000o\000t\000u\000w\000a\000\040\000\050\000A\000n\000c\000i\000e\000n\000t\000\040\000S\000u\000r\000g\000e\000\040\000C\000h\000a\000m\000b\000e\000r\000\051}{section.4.4}% 24
\BOOKMARK [2][-]{subsection.4.4.2}{\376\377\000M\000a\000n\000n\000i\000n\000g\000'\000s\000\040\000E\000q\000u\000a\000t\000i\000o\000n\000\040\000a\000n\000d\000\040\000C\000a\000n\000a\000l\000\040\000G\000r\000a\000d\000i\000e\000n\000t}{section.4.4}% 25
\BOOKMARK [0][-]{chapter.5}{\376\377\000N\000i\000n\000e\000\040\000A\000r\000c\000h\000e\000s\000\040\000B\000r\000i\000d\000g\000e}{}% 26
\BOOKMARK [1][-]{section.5.1}{\376\377\000H\000i\000s\000t\000o\000r\000i\000c\000a\000l\000\040\000B\000a\000c\000k\000g\000r\000o\000u\000n\000d}{chapter.5}% 27
\BOOKMARK [1][-]{section.5.2}{\376\377\000C\000o\000n\000s\000t\000r\000u\000c\000t\000i\000o\000n\000\040\000M\000a\000t\000e\000r\000i\000a\000l\000s\000\040\000a\000n\000d\000\040\000D\000e\000g\000r\000a\000d\000a\000t\000i\000o\000n}{chapter.5}% 28
\BOOKMARK [1][-]{section.5.3}{\376\377\000E\000n\000g\000i\000n\000e\000e\000r\000i\000n\000g\000\040\000C\000h\000a\000l\000l\000e\000n\000g\000e\000s}{chapter.5}% 29
\BOOKMARK [1][-]{section.5.4}{\376\377\000E\000n\000g\000i\000n\000e\000e\000r\000i\000n\000g\000\040\000S\000i\000g\000n\000i\000f\000i\000c\000a\000n\000c\000e}{chapter.5}% 30
\BOOKMARK [2][-]{subsection.5.4.1}{\376\377\000V\000o\000u\000s\000s\000o\000i\000r\000\040\000A\000r\000c\000h\000\040\000S\000t\000a\000t\000i\000c\000s\000\040\000a\000n\000d\000\040\000H\000o\000r\000i\000z\000o\000n\000t\000a\000l\000\040\000T\000h\000r\000u\000s\000t}{section.5.4}% 31
\BOOKMARK [2][-]{subsection.5.4.2}{\376\377\000D\000y\000n\000a\000m\000i\000c\000\040\000R\000e\000s\000o\000n\000a\000n\000c\000e\000\040\000D\000a\000m\000p\000e\000n\000i\000n\000g}{section.5.4}% 32
\BOOKMARK [0][-]{chapter.6}{\376\377\000V\000i\000c\000t\000o\000r\000i\000a\000\040\000D\000a\000m}{}% 33
\BOOKMARK [1][-]{section.6.1}{\376\377\000H\000i\000s\000t\000o\000r\000i\000c\000a\000l\000\040\000B\000a\000c\000k\000g\000r\000o\000u\000n\000d}{chapter.6}% 34
\BOOKMARK [1][-]{section.6.2}{\376\377\000C\000o\000n\000s\000t\000r\000u\000c\000t\000i\000o\000n\000\040\000M\000a\000t\000e\000r\000i\000a\000l\000s\000\040\000a\000n\000d\000\040\000D\000e\000g\000r\000a\000d\000a\000t\000i\000o\000n}{chapter.6}% 35
\BOOKMARK [1][-]{section.6.3}{\376\377\000E\000n\000g\000i\000n\000e\000e\000r\000i\000n\000g\000\040\000C\000h\000a\000l\000l\000e\000n\000g\000e\000s}{chapter.6}% 36
\BOOKMARK [1][-]{section.6.4}{\376\377\000E\000n\000g\000i\000n\000e\000e\000r\000i\000n\000g\000\040\000S\000i\000g\000n\000i\000f\000i\000c\000a\000n\000c\000e}{chapter.6}% 37
\BOOKMARK [2][-]{subsection.6.4.1}{\376\377\000I\000n\000t\000e\000g\000r\000a\000t\000i\000o\000n\000\040\000o\000f\000\040\000H\000y\000d\000r\000o\000s\000t\000a\000t\000i\000c\000\040\000F\000o\000r\000c\000e}{section.6.4}% 38
\BOOKMARK [2][-]{subsection.6.4.2}{\376\377\000T\000h\000e\000r\000m\000o\000d\000y\000n\000a\000m\000i\000c\000\040\000M\000a\000s\000s\000\040\000C\000o\000n\000c\000r\000e\000t\000e\000\040\000M\000a\000n\000a\000g\000e\000m\000e\000n\000t}{section.6.4}% 39
\BOOKMARK [0][-]{chapter.7}{\376\377\000C\000o\000n\000c\000l\000u\000s\000i\000o\000n}{}% 40
